exports[`my math module records snapshots 1`] = `
Object {
  "foo": 1
}
`;
